// Jest Snapshot v1, https://goo.gl/fbAQLP

exports[`renders correctly 1`] = `
<View
  style={
    Object {
      "backgroundColor": "white",
      "flex": 1,
    }
  }
>
  <RCTScrollView
    data={
      Array [
        Object {
          "date": 2018-04-09T04:00:00.000Z,
          "displayName": "Test payment 2 (2/2)",
          "paymentId": 1523160000000,
          "total": 0,
        },
        Object {
          "date": 2018-04-08T04:00:00.000Z,
          "displayName": "Test payment 2 (1/2)",
          "paymentId": 1523160000000,
          "total": 0,
        },
        Object {
          "date": 2018-04-07T04:00:00.000Z,
          "displayName": "Test payment",
          "paymentId": 1523160000000,
          "total": 1,
        },
      ]
    }
    disableVirtualization={false}
    getItem={[Function]}
    getItemCount={[Function]}
    horizontal={false}
    initialNumToRender={10}
    keyExtractor={[Function]}
    maxToRenderPerBatch={10}
    numColumns={1}
    onContentSizeChange={[Function]}
    onEndReachedThreshold={2}
    onLayout={[Function]}
    onMomentumScrollEnd={[Function]}
    onScroll={[Function]}
    onScrollBeginDrag={[Function]}
    onScrollEndDrag={[Function]}
    renderItem={[Function]}
    scrollEventThrottle={50}
    stickyHeaderIndices={Array []}
    style={
      Object {
        "flex": 1,
      }
    }
    updateCellsBatchingPeriod={50}
    viewabilityConfigCallbackPairs={Array []}
    windowSize={21}
  >
    <View>
      <View
        onLayout={[Function]}
        style={null}
      >
        <View
          accessible={true}
          isTVSelectable={true}
          onResponderGrant={[Function]}
          onResponderMove={[Function]}
          onResponderRelease={[Function]}
          onResponderTerminate={[Function]}
          onResponderTerminationRequest={[Function]}
          onStartShouldSetResponder={[Function]}
          style={null}
        >
          <View
            style={
              Object {
                "alignItems": "center",
                "borderBottomColor": "#222222",
                "borderBottomWidth": 0.5,
                "flexDirection": "row",
                "height": 60,
              }
            }
          >
            <View
              style={
                Object {
                  "alignItems": "flex-start",
                  "flex": 0.15,
                  "paddingHorizontal": 20,
                }
              }
            >
              <Text
                style={
                  Object {
                    "fontSize": 16,
                  }
                }
              >
                4/9
              </Text>
            </View>
            <View
              style={
                Object {
                  "flex": 0.6,
                }
              }
            >
              <Text
                numberOfLines={2}
                style={
                  Object {
                    "fontSize": 16,
                  }
                }
              >
                Test payment 2 (2/2)
              </Text>
            </View>
            <View
              style={
                Object {
                  "alignItems": "flex-end",
                  "flex": 0.25,
                  "paddingRight": 20,
                }
              }
            >
              <Text
                style={
                  Object {
                    "fontSize": 16,
                  }
                }
              >
                $0.00
              </Text>
            </View>
          </View>
        </View>
      </View>
      <View
        onLayout={[Function]}
        style={null}
      >
        <View
          accessible={true}
          isTVSelectable={true}
          onResponderGrant={[Function]}
          onResponderMove={[Function]}
          onResponderRelease={[Function]}
          onResponderTerminate={[Function]}
          onResponderTerminationRequest={[Function]}
          onStartShouldSetResponder={[Function]}
          style={null}
        >
          <View
            style={
              Object {
                "alignItems": "center",
                "borderBottomColor": "#222222",
                "borderBottomWidth": 0.5,
                "flexDirection": "row",
                "height": 60,
              }
            }
          >
            <View
              style={
                Object {
                  "alignItems": "flex-start",
                  "flex": 0.15,
                  "paddingHorizontal": 20,
                }
              }
            >
              <Text
                style={
                  Object {
                    "fontSize": 16,
                  }
                }
              >
                4/8
              </Text>
            </View>
            <View
              style={
                Object {
                  "flex": 0.6,
                }
              }
            >
              <Text
                numberOfLines={2}
                style={
                  Object {
                    "fontSize": 16,
                  }
                }
              >
                Test payment 2 (1/2)
              </Text>
            </View>
            <View
              style={
                Object {
                  "alignItems": "flex-end",
                  "flex": 0.25,
                  "paddingRight": 20,
                }
              }
            >
              <Text
                style={
                  Object {
                    "fontSize": 16,
                  }
                }
              >
                $0.00
              </Text>
            </View>
          </View>
        </View>
      </View>
      <View
        onLayout={[Function]}
        style={null}
      >
        <View
          accessible={true}
          isTVSelectable={true}
          onResponderGrant={[Function]}
          onResponderMove={[Function]}
          onResponderRelease={[Function]}
          onResponderTerminate={[Function]}
          onResponderTerminationRequest={[Function]}
          onStartShouldSetResponder={[Function]}
          style={null}
        >
          <View
            style={
              Object {
                "alignItems": "center",
                "borderBottomColor": "#222222",
                "borderBottomWidth": 0.5,
                "flexDirection": "row",
                "height": 60,
              }
            }
          >
            <View
              style={
                Object {
                  "alignItems": "flex-start",
                  "flex": 0.15,
                  "paddingHorizontal": 20,
                }
              }
            >
              <Text
                style={
                  Object {
                    "fontSize": 16,
                  }
                }
              >
                4/7
              </Text>
            </View>
            <View
              style={
                Object {
                  "flex": 0.6,
                }
              }
            >
              <Text
                numberOfLines={2}
                style={
                  Object {
                    "fontSize": 16,
                  }
                }
              >
                Test payment
              </Text>
            </View>
            <View
              style={
                Object {
                  "alignItems": "flex-end",
                  "flex": 0.25,
                  "paddingRight": 20,
                }
              }
            >
              <Text
                style={
                  Object {
                    "fontSize": 16,
                  }
                }
              >
                $0.01
              </Text>
            </View>
          </View>
        </View>
      </View>
    </View>
  </RCTScrollView>
</View>
`;
