// Jest Snapshot v1, https://goo.gl/fbAQLP

exports[`renders correctly 1`] = `
<View
  style={
    Array [
      Object {
        "alignItems": "center",
        "flexDirection": "row",
      },
      undefined,
    ]
  }
>
  <Text
    style={
      Array [
        Object {
          "fontSize": 20,
        },
        undefined,
      ]
    }
  >
    $
  </Text>
  <TextInput
    allowFontScaling={true}
    keyboardType="numeric"
    onBlur={[Function]}
    onChangeText={[Function]}
    style={
      Array [
        Object {
          "fontSize": 20,
          "minWidth": 100,
        },
        undefined,
      ]
    }
    underlineColorAndroid="rgba(0,0,0,0)"
    value=""
  />
</View>
`;
