// Jest Snapshot v1, https://goo.gl/fbAQLP

exports[`renders correctly 1`] = `
<View
  style={
    Object {
      "backgroundColor": "white",
      "flex": 1,
    }
  }
>
  <View
    style={
      Object {
        "alignItems": "center",
        "borderBottomColor": "#222222",
        "borderBottomWidth": 0.5,
        "flexDirection": "row",
      }
    }
  >
    <View
      style={
        Object {
          "alignItems": "center",
          "flex": 0.5,
          "flexDirection": "column",
          "height": 100,
          "justifyContent": "center",
        }
      }
    >
      <Text
        accessible={true}
        allowFontScaling={true}
        ellipsizeMode="tail"
        style={
          Object {
            "color": "black",
            "fontSize": 32,
          }
        }
      >
        $250.00
      </Text>
      <Text
        accessible={true}
        allowFontScaling={true}
        ellipsizeMode="tail"
      >
        Remaining this week
      </Text>
    </View>
    <View
      style={
        Object {
          "alignItems": "center",
          "flex": 0.5,
          "flexDirection": "column",
          "height": 100,
          "justifyContent": "center",
        }
      }
    >
      <Text
        accessible={true}
        allowFontScaling={true}
        ellipsizeMode="tail"
        style={
          Object {
            "color": "black",
            "fontSize": 32,
          }
        }
      >
        $0.00
      </Text>
      <Text
        accessible={true}
        allowFontScaling={true}
        ellipsizeMode="tail"
      >
        Spent so far
      </Text>
    </View>
  </View>
  <RCTScrollView
    data={
      Array [
        Object {
          "date": 2018-04-08T04:00:00.000Z,
          "id": 1,
          "name": "Test payment",
          "total": 1,
        },
      ]
    }
    disableVirtualization={false}
    getItem={[Function]}
    getItemCount={[Function]}
    horizontal={false}
    initialNumToRender={10}
    keyExtractor={[Function]}
    maxToRenderPerBatch={10}
    numColumns={1}
    onContentSizeChange={[Function]}
    onEndReachedThreshold={2}
    onLayout={[Function]}
    onMomentumScrollEnd={[Function]}
    onScroll={[Function]}
    onScrollBeginDrag={[Function]}
    onScrollEndDrag={[Function]}
    renderItem={[Function]}
    scrollEventThrottle={50}
    stickyHeaderIndices={Array []}
    updateCellsBatchingPeriod={50}
    viewabilityConfigCallbackPairs={Array []}
    windowSize={21}
  >
    <View>
      <View
        onLayout={[Function]}
        style={null}
      >
        <View
          accessibilityComponentType={undefined}
          accessibilityLabel={undefined}
          accessibilityTraits={undefined}
          accessible={true}
          hasTVPreferredFocus={undefined}
          hitSlop={undefined}
          isTVSelectable={true}
          nativeID={undefined}
          onLayout={undefined}
          onResponderGrant={[Function]}
          onResponderMove={[Function]}
          onResponderRelease={[Function]}
          onResponderTerminate={[Function]}
          onResponderTerminationRequest={[Function]}
          onStartShouldSetResponder={[Function]}
          style={null}
          testID={undefined}
          tvParallaxProperties={undefined}
        >
          <View
            style={
              Object {
                "alignItems": "center",
                "borderBottomColor": "#222222",
                "borderBottomWidth": 0.5,
                "flexDirection": "row",
                "height": 60,
              }
            }
          >
            <View
              style={
                Object {
                  "alignItems": "flex-start",
                  "flex": 0.15,
                  "paddingHorizontal": 20,
                }
              }
            >
              <Text
                accessible={true}
                allowFontScaling={true}
                ellipsizeMode="tail"
                style={
                  Object {
                    "fontSize": 16,
                  }
                }
              >
                4/8
              </Text>
            </View>
            <View
              style={
                Object {
                  "flex": 0.6,
                }
              }
            >
              <Text
                accessible={true}
                allowFontScaling={true}
                ellipsizeMode="tail"
                numberOfLines={2}
                style={
                  Object {
                    "fontSize": 16,
                  }
                }
              >
                Test payment
              </Text>
            </View>
            <View
              style={
                Object {
                  "alignItems": "flex-end",
                  "flex": 0.25,
                  "paddingRight": 20,
                }
              }
            >
              <Text
                accessible={true}
                allowFontScaling={true}
                ellipsizeMode="tail"
                style={
                  Object {
                    "fontSize": 16,
                  }
                }
              >
                $0.01
              </Text>
            </View>
          </View>
        </View>
      </View>
    </View>
  </RCTScrollView>
  <View
    pointerEvents="box-none"
    style={
      Array [
        Array [
          Object {
            "backgroundColor": "transparent",
            "bottom": 0,
            "left": 0,
            "position": "absolute",
            "right": 0,
            "top": 0,
          },
          Object {
            "elevation": undefined,
            "justifyContent": "flex-end",
            "zIndex": undefined,
          },
        ],
        undefined,
      ]
    }
  >
    <View
      collapsable={undefined}
      pointerEvents="none"
      style={
        Object {
          "backgroundColor": "transparent",
          "bottom": 0,
          "elevation": undefined,
          "justifyContent": "flex-end",
          "left": 0,
          "opacity": 0,
          "position": "absolute",
          "right": 0,
          "top": 0,
          "zIndex": undefined,
        }
      }
    />
    <View
      pointerEvents="box-none"
      style={
        Array [
          Array [
            Object {
              "backgroundColor": "transparent",
              "bottom": 0,
              "left": 0,
              "position": "absolute",
              "right": 0,
              "top": 0,
            },
            Object {
              "elevation": undefined,
              "justifyContent": "flex-end",
              "zIndex": undefined,
            },
          ],
          Object {
            "alignItems": "flex-end",
          },
          Object {
            "paddingVertical": 30,
          },
        ]
      }
    >
      <View
        style={
          Array [
            Object {
              "marginHorizontal": 30,
              "zIndex": undefined,
            },
            Object {
              "elevation": 5,
              "shadowColor": "#000",
              "shadowOffset": Object {
                "height": 5,
                "width": 0,
              },
              "shadowOpacity": 0.35,
              "shadowRadius": 3,
            },
            undefined,
          ]
        }
      >
        <View
          accessibilityComponentType={undefined}
          accessibilityLabel={undefined}
          accessibilityTraits={undefined}
          accessible={true}
          collapsable={undefined}
          hasTVPreferredFocus={undefined}
          hitSlop={undefined}
          isTVSelectable={true}
          nativeID={undefined}
          onLayout={undefined}
          onResponderGrant={[Function]}
          onResponderMove={[Function]}
          onResponderRelease={[Function]}
          onResponderTerminate={[Function]}
          onResponderTerminationRequest={[Function]}
          onStartShouldSetResponder={[Function]}
          style={
            Object {
              "opacity": 1,
            }
          }
          testID={undefined}
          tvParallaxProperties={undefined}
        >
          <View
            collapsable={undefined}
            style={
              Object {
                "backgroundColor": "rgba(106, 27, 154, 1)",
                "borderRadius": 28,
                "height": 56,
                "width": 56,
              }
            }
          >
            <View
              collapsable={undefined}
              style={
                Object {
                  "alignItems": "center",
                  "borderRadius": 28,
                  "height": 56,
                  "justifyContent": "center",
                  "transform": Array [
                    Object {
                      "scale": 1,
                    },
                    Object {
                      "rotate": "0deg",
                    },
                  ],
                  "width": 56,
                }
              }
            >
              <Text
                accessible={true}
                allowFontScaling={true}
                collapsable={undefined}
                ellipsizeMode="tail"
                style={
                  Object {
                    "backgroundColor": "transparent",
                    "color": "rgba(255, 255, 255, 1)",
                    "fontSize": 24,
                    "marginTop": -4,
                  }
                }
              >
                +
              </Text>
            </View>
          </View>
        </View>
      </View>
    </View>
  </View>
</View>
`;
